2025-05-28 17:13:26 - failing_function error: ValueError. Inputs: (3, 4), {}
